GAMS Rev 145  x86/Linux                                                                            10/02/06 14:52:43 Page 1
G e n e r a l   A l g e b r a i c   M o d e l i n g   S y s t e m
C o m p i l a t i o n


   1  *  MINLP written by GAMS Convert at 04/18/01 12:06:34
   2  *
   3  *  Equation counts
   4  *     Total       E       G       L       N       X
   5  *        39       7      32       0       0       0
   6  *
   7  *  Variable counts
   8  *                 x       b       i     s1s     s2s      sc      si
   9  *     Total    cont  binary integer    sos1    sos2   scont    sint
  10  *        55      31      24       0       0       0       0       0
  11  *  FX     0       0       0       0       0       0       0       0
  12  *
  13  *  Nonzero counts
  14  *     Total   const      NL     DLL
  15  *       178     148      30       0
  16  *
  17  *  Solve m using MINLP minimizing objvar;
  18   
  19   
  20  Variables  b1,b2,b3,b4,b5,b6,b7,b8,b9,b10,b11,b12,b13,b14,b15,b16,b17,b18,b19
  21            ,b20,b21,b22,b23,b24,x25,x26,x27,x28,x29,x30,x31,x32,x33,x34,x35,x36
  22            ,x37,x38,x39,x40,x41,x42,x43,x44,x45,x46,x47,x48,x49,x50,x51,x52,x53
  23            ,x54,objvar;
  24   
  25  Positive Variables x25,x26,x27,x28,x29,x30,x31,x32,x33,x34,x35,x36,x37,x38,x39
  26            ,x40,x41,x42,x43,x44,x45,x46,x47,x48,x49,x50,x51,x52,x53,x54;
  27   
  28  Binary Variables b1,b2,b3,b4,b5,b6,b7,b8,b9,b10,b11,b12,b13,b14,b15,b16,b17
  29            ,b18,b19,b20,b21,b22,b23,b24;
  30   
  31  Equations  e1,e2,e3,e4,e5,e6,e7,e8,e9,e10,e11,e12,e13,e14,e15,e16,e17,e18,e19
  32            ,e20,e21,e22,e23,e24,e25,e26,e27,e28,e29,e30,e31,e32,e33,e34,e35,e36
  33            ,e37,e38,e39;
  34   
  35   
  36  e1..  - sqr(8 - x49) - 100*b1 + x25 =G= -100;
  37   
  38  e2..  - sqr(8 - x50) - 100*b2 + x26 =G= -100;
  39   
  40  e3..  - sqr(8 - x51) - 100*b3 + x27 =G= -100;
  41   
  42  e4..  - sqr(8.5 - x49) - 100*b4 + x28 =G= -100;
  43   
  44  e5..  - sqr(8.5 - x50) - 100*b5 + x29 =G= -100;
  45   
  46  e6..  - sqr(8.5 - x51) - 100*b6 + x30 =G= -100;
  47   
  48  e7..  - sqr(8.3 - x49) - 100*b7 + x31 =G= -100;
  49   
  50  e8..  - sqr(8.3 - x50) - 100*b8 + x32 =G= -100;
  51   
  52  e9..  - sqr(8.3 - x51) - 100*b9 + x33 =G= -100;
  53   
  54  e10..  - sqr(8.7 - x49) - 100*b10 + x34 =G= -100;
  55   
  56  e11..  - sqr(8.7 - x50) - 100*b11 + x35 =G= -100;
  57   
  58  e12..  - sqr(8.7 - x51) - 100*b12 + x36 =G= -100;
  59   
  60  e13..  - sqr(8.6 - x49) - 100*b13 + x37 =G= -100;
  61   
  62  e14..  - sqr(8.6 - x50) - 100*b14 + x38 =G= -100;
  63   
  64  e15..  - sqr(8.6 - x51) - 100*b15 + x39 =G= -100;
  65   
  66  e16..  - sqr(9 - x49) - 100*b16 + x40 =G= -100;
  67   
  68  e17..  - sqr(9 - x50) - 100*b17 + x41 =G= -100;
  69   
  70  e18..  - sqr(9 - x51) - 100*b18 + x42 =G= -100;
  71   
  72  e19..  - sqr(9.2 - x49) - 100*b19 + x43 =G= -100;
  73   
GAMS Rev 145  x86/Linux                                                                            10/02/06 14:52:43 Page 2
G e n e r a l   A l g e b r a i c   M o d e l i n g   S y s t e m
C o m p i l a t i o n


  74  e20..  - sqr(9.2 - x50) - 100*b20 + x44 =G= -100;
  75   
  76  e21..  - sqr(9.2 - x51) - 100*b21 + x45 =G= -100;
  77   
  78  e22..  - sqr(9.5 - x49) - 100*b22 + x46 =G= -100;
  79   
  80  e23..  - sqr(9.5 - x50) - 100*b23 + x47 =G= -100;
  81   
  82  e24..  - sqr(9.5 - x51) - 100*b24 + x48 =G= -100;
  83   
  84  e25..    b1 + b2 + b3 =G= 1;
  85   
  86  e26..    b4 + b5 + b6 =G= 1;
  87   
  88  e27..    b7 + b8 + b9 =G= 1;
  89   
  90  e28..    b10 + b11 + b12 =G= 1;
  91   
  92  e29..    b13 + b14 + b15 =G= 1;
  93   
  94  e30..    b16 + b17 + b18 =G= 1;
  95   
  96  e31..    b19 + b20 + b21 =G= 1;
  97   
  98  e32..    b22 + b23 + b24 =G= 1;
  99   
 100  e33..  - b1 - b4 - b7 - b10 - b13 - b16 - b19 - b22 + x52 =E= 0;
 101   
 102  e34..  - b2 - b5 - b8 - b11 - b14 - b17 - b20 - b23 + x53 =E= 0;
 103   
 104  e35..  - b3 - b6 - b9 - b12 - b15 - b18 - b21 - b24 + x54 =E= 0;
 105   
 106  e36.. x52*x49 - 8*b1 - 8.5*b4 - 8.3*b7 - 8.7*b10 - 8.6*b13 - 9*b16 - 9.2*b19
 107         - 9.5*b22 =E= 0;
 108   
 109  e37.. x53*x50 - 8*b2 - 8.5*b5 - 8.3*b8 - 8.7*b11 - 8.6*b14 - 9*b17 - 9.2*b20
 110         - 9.5*b23 =E= 0;
 111   
 112  e38.. x54*x51 - 8*b3 - 8.5*b6 - 8.3*b9 - 8.7*b12 - 8.6*b15 - 9*b18 - 9.2*b21
 113         - 9.5*b24 =E= 0;
 114   
 115  e39..  - x25 - x26 - x27 - x28 - x29 - x30 - x31 - x32 - x33 - x34 - x35 - x36
 116         - x37 - x38 - x39 - x40 - x41 - x42 - x43 - x44 - x45 - x46 - x47 - x48
 117         + objvar =E= 0;
 118   
 119  * set non default bounds
 120   
 121   
 122  * set non default levels
 123   
 124   
 125  * set non default marginals
 126   
 127   b1.l = 0.33;
 128   b2.l = 0.33;
 129   b3.l = 0.33;
 130   b4.l = 0.33;
 131   b5.l = 0.33;
 132   b6.l = 0.33;
 133   b7.l = 0.33;
 134   b8.l = 0.33;
 135   b9.l = 0.33;
 136   b10.l = 0.33;
 137   b11.l = 0.33;
 138   b12.l = 0.33;
 139   b13.l = 0.33;
 140   b14.l = 0.33;
 141   b15.l = 0.33;
 142   b16.l = 0.33;
 143   b17.l = 0.33;
 144   b18.l = 0.33;
 145   b19.l = 0.33;
 146   b20.l = 0.33;
GAMS Rev 145  x86/Linux                                                                            10/02/06 14:52:43 Page 3
G e n e r a l   A l g e b r a i c   M o d e l i n g   S y s t e m
C o m p i l a t i o n


 147   b21.l = 0.33;
 148   b22.l = 0.33;
 149   b23.l = 0.33;
 150   b23.l = 0.33;
 151   
 152  Model m / all /;
 153   
 154  m.limrow=0; m.limcol=0;
 155   
 157   
 158  Solve m using MINLP minimizing objvar;


COMPILATION TIME     =        0.004 SECONDS      2 Mb  LNX222-145 Apr 19, 2006
GAMS Rev 145  x86/Linux                                                                            10/02/06 14:52:43 Page 4
G e n e r a l   A l g e b r a i c   M o d e l i n g   S y s t e m
Model Statistics    SOLVE m Using MINLP From line 158


MODEL STATISTICS

BLOCKS OF EQUATIONS          39     SINGLE EQUATIONS           39
BLOCKS OF VARIABLES          55     SINGLE VARIABLES           55
NON ZERO ELEMENTS           178     NON LINEAR N-Z             30
DERIVATIVE POOL               8     CONSTANT POOL              22
CODE LENGTH                 247     DISCRETE VARIABLES         24


GENERATION TIME      =        0.115 SECONDS      3 Mb  LNX222-145 Apr 19, 2006


EXECUTION TIME       =        0.116 SECONDS      3 Mb  LNX222-145 Apr 19, 2006
GAMS Rev 145  x86/Linux                                                                            10/02/06 14:52:43 Page 5
G e n e r a l   A l g e b r a i c   M o d e l i n g   S y s t e m
Solution Report     SOLVE m Using MINLP From line 158


               S O L V E      S U M M A R Y

     MODEL   m                   OBJECTIVE  objvar
     TYPE    MINLP               DIRECTION  MINIMIZE
     SOLVER  CONVERT             FROM LINE  158

**** SOLVER STATUS     1 NORMAL COMPLETION         
**** MODEL STATUS      14 NO SOLUTION RETURNED     
**** OBJECTIVE VALUE               NA

 RESOURCE USAGE, LIMIT         NA          1000.000
 ITERATION COUNT, LIMIT        NA         10000
 EVALUATION ERRORS             NA             0

Convert 1.8   Apr 21, 2006 LNX.FR.NA 22.2 018.000.000.LX3 P3PC             

Using option file /home/stefan/globopt/LaGO/convert.opt
    > AMPL

Ampl      : ampl.mod


No solution returned


EXECUTION TIME       =        0.001 SECONDS      2 Mb  LNX222-145 Apr 19, 2006


USER: Stefan Vigerske                                S060614:0302CN-LNX
      Humboldt University Berlin, Numerical Mathematics          DC5918


**** FILE SUMMARY

Input      /home/eopt/Examples/MinlpLib/elf/elf.gms
Output     /home/stefan/globopt/LaGO/elf.lst
